SQL> 
SQL> DROP TABLE EMPLOYEE CASCADE CONSTRAINTS;

Table dropped.

SQL> 
SQL> PROMPT CREATING EMPLOYEE TABLE
CREATING EMPLOYEE TABLE
SQL> 
SQL> CREATE TABLE EMPLOYEE (
  2  	     EID NUMBER(4) NOT NULL,
  3  	     FNAME VARCHAR2(10) NOT NULL,
  4  	     LNAME VARCHAR2(10) NOT NULL,
  5  	     BIRTHDATE DATE NOT NULL,
  6  	     GENDER CHAR(1) NOT NULL,
  7  	     HIREDATE DATE NOT NULL,
  8  	     SALARY NUMBER(7,2) NOT NULL,
  9  	     DEPARTMENT CHAR(20),
 10  	     DESIGNATION VARCHAR2(15) NOT NULL,
 11  	     SSN CHAR(10) NOT NULL,
 12  	     CONSTRAINT employee_pk_eid PRIMARY KEY (EID),
 13  	     CONSTRAINT employee_chk_eid CHECK (EID > 7100),
 14  	     CONSTRAINT employee_chk_gender CHECK (GENDER IN ('M','m','F','f')),
 15  	     CONSTRAINT employee_chk_salary CHECK (SALARY > 9999),
 16  	     CONSTRAINT employee_chk_ssn UNIQUE (SSN),
 17  	     CONSTRAINT employee_chk_designation CHECK (DESIGNATION IN ('Professor','Asst. Professor','Lecturer','Sr. Lecturer'))
 18  );

Table created.

SQL> 
SQL> COMMIT;

Commit complete.

SQL> 
SQL> SET FEEDBACK OFF
SQL> SET ECHO OFF
SQL> 
SQL> INSERT INTO EMPLOYEE(EID, FNAME, LNAME, BIRTHDATE, GENDER, HIREDATE, SALARY, DEPARTMENT, DESIGNATION, SSN) VALUES
  2  	     (7101, 'Samantha', 'Jones', '31-MAR-1970', 'F', '08-NOV-1994', 16500.00, 'Computer Science', 'Professor', '12LS924445');
INSERT INTO EMPLOYEE(EID, FNAME, LNAME, BIRTHDATE, GENDER, HIREDATE, SALARY, DEPARTMENT, DESIGNATION, SSN) VALUES
*
ERROR at line 1:
ORA-00001: unique constraint (CS663.EMPLOYEE_PK_EID) violated 


SQL> 
SQL> COMMIT;

Commit complete.

SQL> 
SQL> SET FEEDBACK OFF
SQL> SET ECHO OFF
